
Running Pagefind v1.5.2 (Extended)
Running from: "D:\\1\\my-blog-master"
Source:       "dist"
Output:       "dist\\pagefind"

[Walking source directory]
Found 75 files matching **/*.{html}

[Parsing files]
Found a data-pagefind-body element on the site.
↳ Ignoring pages without this tag.
2 pages found without an <html> element. 
Pages without an outer <html> element will not be processed by default. 
If adding this element is not possible, use the root selector config to target a different root element.
  * "/baidu_verify_codeva-PmiKD9Nizp.html" has no <html> element
  * "/ByteDanceVerify.html" has no <html> element

[Reading languages]
Discovered 1 language: zh-cn

[Building search indexes]
Total: 
  Indexed 1 language
  Indexed 67 pages
  Indexed 9902 words
  Indexed 0 filters
  Indexed 0 sorts
Note: Pagefind doesn't support stemming for the language zh-cn. 
Search will still work, but will not match across root words.
Note: Pagefind doesn't support stemming for the language zh-cn. 
Search will still work, but will not match across root words.

Finished in 0.848 seconds
